// Jest Snapshot v1, https://goo.gl/fbAQLP

exports[`parseRichTextField.ts works when there is content 1`] = `
Array [
  Object {
    "content": "Enhanced Some Text does something else.",
    "section": "",
  },
  Object {
    "content": "Lorem ipsumTest LinkThis is more text here. ",
    "section": "A Section Header",
  },
]
`;
