// Jest Snapshot v1, https://goo.gl/fbAQLP

exports[`parseRichTextField.ts works when there is content 1`] = `
Array [
  Object {
    "content": "Enhanced Programmatic Reporting lets you make informed decisions on your programmatic spend via the inclusion of DSP, Exchange, Deal ID, Line Item, and Publisher data points in the Integral Ad Science (IAS) reporting infrastructure.",
    "section": "",
  },
  Object {
    "content": "As part of the Enhanced Programmatic Reporting, you might be automatically activated for programmatic reporting (see Automatic Mapping). Enhanced Programmatic Reporting automatically activates select DSPs and Media Partners.  ",
    "section": "",
  },
  Object {
    "content": "Alternatively, you can use the managed service. If you are not automatically activated because you are not set up or you don't use DSP specific media partners for your programmatic buys, create a Help Center request to get activated for programmatic reporting. ",
    "section": "",
  },
  Object {
    "content": "The following teams are automatically activated for the following DSPs and media Partners for Enhanced Programmatic Reporting:",
    "section": "Automatic Mapping",
  },
  Object {
    "content": "Teams which aren't automatically activated are activated upon request. TCS creates an association for the media partner with DSP ID = 64 (Not configured for a DSP). Then the teams can use the Tag Configurator to update the tags to contain the macros of the DSP which they intend to traffic the tags. See Wrapped Tags for more information.",
    "section": "Managed Service",
  },
  Object {
    "content": "Open Web Tag",
    "section": "Managed Service",
  },
  Object {
    "content": "Open Web tags have six macros including the DSP appended as query parameters. By default, the tags are configured for Enhanced Programmatic Reporting.  ",
    "section": "Managed Service",
  },
  Object {
    "content": "IAS uses the following macros to collect reference data where IAS tags run to enable Enhanced Programmatic Reporting:",
    "section": "Managed Service",
  },
  Object {
    "content": "Note: Enhanced Programmatic Reporting does not track macro level data for Innovid video placements.",
    "section": "Managed Service",
  },
  Object {
    "content": "IAS updated the tag wrapping solutions to automatically append a DSP's macro placeholders to an IAS Open Web tag by default. Before wrapping tags for Enhanced Programmatic Reporting, the client must verify they properly enabled the tags for the solution. The following string indicates tags are wrapped for Enhanced Programmatic Reporting:",
    "section": "Wrapping Tags",
  },
  Object {
    "content": "\\"ias_dspId=64&ias_campId=&ias_pubId=&ias_chanId=&ias_placementId=&ias_dealId=\\"",
    "section": "Wrapping Tags",
  },
  Object {
    "content": "Conversely, the following tag (which doesn't include ias_dspId) shows a tag which is not live for Enhanced Programmatic Reporting:",
    "section": "Wrapping Tags",
  },
  Object {
    "content": "https://vast.adsafeprotected.com/vast/fwjsvid/st/555520/51033501/skeleton.js?includeFlash=false&originalVast=https://testvast.xml",
    "section": "Wrapping Tags",
  },
  Object {
    "content": "To debug the wrapped tag, check that the ias_dspId= value matches the value in the DSP ID to Name table.",
    "section": "Wrapping Tags",
  },
  Object {
    "content": "Teams which aren't automatically activated are activated upon request. TCS creates an association for the media partner with DSP ID = 64 (No_Detected_DSP). Then the teams can use the Tag Configurator to update the tags to contain the macros of the DSP which they intend to traffic the tags.To debug the wrapped tag, check that the ias_dspId= value matches the value in the DSP ID to Name table.",
    "section": "Wrapped Tags",
  },
  Object {
    "content": "DSP ID to Name",
    "section": "Wrapped Tags",
  },
  Object {
    "content": "IAS provides reporting for one DSP. Here is the ID to DSP mapping:",
    "section": "Wrapped Tags",
  },
  Object {
    "content": "The default tag, 64, works on all platforms and publisher direct buys. IAS doesn't collect programmatic data if a tag has DSP ID = 64.",
    "section": "Wrapped Tags",
  },
  Object {
    "content": "Default (not configured):",
    "section": "DSP Tag Examples",
  },
  Object {
    "content": "https://vast.adsafeprotected.com/vast/fwjsvid/st/555520/51033501/skeleton.js? ias_dspId=64&includeFlash=false&originalVast=https://testvast.xml",
    "section": "DSP Tag Examples",
  },
  Object {
    "content": "Amobee:",
    "section": "DSP Tag Examples",
  },
  Object {
    "content": "https://vast.adsafeprotected.com/vast/fwjsvid/st/555520/51033501/skeleton.js?includeFlash=false&**ias\\\\_dspId=1**&ias\\\\_campId=$!{INSERTION\\\\_ORDER\\\\_ID}&ias\\\\_pubId=$! {INVENTORY_SOURCE_ID}&ias_chanId=$!{PACKAGE_ID}&ias_placementId=$!{AD_ID}&ias_ dealId=$!{DEAL_ID}&originalVast=https://testvast.xml",
    "section": "DSP Tag Examples",
  },
  Object {
    "content": "Xandr:",
    "section": "DSP Tag Examples",
  },
  Object {
    "content": "https://vast.adsafeprotected.com/vast/fwjsvid/st/555520/51033501/skeleton.js?includeFlash=false&**ias\\\\_dspId=2**&ias\\\\_campId=\${CP\\\\_ID}&ias\\\\_pubId=\${SELLER\\\\_MEMBER\\\\_ ID}&ias_chanId=\${PUBLISHER_ID}&ias_placementId=\${CREATIVE_ID}&ias_ dealId=\${DEAL_ID}&originalVast=https://testvast.xml",
    "section": "DSP Tag Examples",
  },
  Object {
    "content": "DV360:",
    "section": "DSP Tag Examples",
  },
  Object {
    "content": "https://vast.adsafeprotected.com/vast/fwjsvid/st/555520/51033501/skeleton.js?includeFlash=false&**ias\\\\_dspId=3**&ias\\\\_campId=\${INSERTION\\\\_ORDER\\\\_ID}&ias\\\\_ pubId=\${ADSXT_PUBLISHER_ID}&ias_chanId=&ias_placementId=\${CAMPAIGN_ID}&ias_ dealId=\${INVENTORY_SOURCE_EXTERNAL_ID}&originalVast=https://testvast.xml",
    "section": "DSP Tag Examples",
  },
  Object {
    "content": "MediaMath:",
    "section": "DSP Tag Examples",
  },
  Object {
    "content": "https://vast.adsafeprotected.com/vast/fwjsvid/st/555520/51033501/skeleton.js?includeFlash=false&**ias\\\\_dspId=8**&ias\\\\_campId=\\\\[AD\\\\_ATTR.strategy\\\\]&ias\\\\_pubId=\\\\[BID\\\\_ ATTR.exchange]&ias_chanId=[AD_ATTR.width]x[AD_ATTR.height]&ias_placementId= [AD_ATTR.creative]&ias_dealId=[BID_ATTR.pmp_mm_deal_ id]&originalVast=https://testvast.xml",
    "section": "DSP Tag Examples",
  },
  Object {
    "content": "TTD:",
    "section": "DSP Tag Examples",
  },
  Object {
    "content": "https://vast.adsafeprotected.com/vast/fwjsvid/st/555520/51033501/skeleton.js?includeFlash=false&**ias\\\\_dspId=9**&ias\\\\_campId=%%TTD\\\\_CAMPAIGNID%%&ias\\\\_pubId=%%TTD\\\\_ SUPPLYVENDOR%%&ias_chanId=%%TTD_ADGROUPID%%&ias_placementId=%%TTD_ CREATIVEID%%&ias_dealId=%%TTD_DEALID%%&originalVast=https://testvast.xml",
    "section": "DSP Tag Examples",
  },
  Object {
    "content": "Adobe:",
    "section": "DSP Tag Examples",
  },
  Object {
    "content": "https://vast.adsafeprotected.com/vast/fwjsvid/st/555520/51033501/skeleton.js?includeFlash=false&**ias\\\\_dspId=11**&ias\\\\_campId=\${TM\\\\_CAMPAIGN\\\\_ID\\\\_NUM}&ias\\\\_ pubId=\${TM_SITE_ID_NUM}&ias_chanId=&ias_placementId=\${TM_PLACEMENT_ID_ NUM}&ias_dealId=\${TM_EXTERNAL_DEAL_ID}&originalVast=https://testvast.xml",
    "section": "DSP Tag Examples",
  },
  Object {
    "content": "AdForm:",
    "section": "DSP Tag Examples",
  },
  Object {
    "content": "https://vast.adsafeprotected.com/vast/fwjsvid/st/555520/51033501/skeleton.js?includeFlash=false&**ias\\\\_dspId=12**&ias\\\\_campId=\\\\_ADFCAMID\\\\_&ias\\\\_ pubId=_ADFMEDID_&ias_chanId=_ADFINVID_&ias_placementId=_ADFPLAID_&ias_ dealId=_ADFDPID_&originalVast=https://testvast.xml",
    "section": "DSP Tag Examples",
  },
  Object {
    "content": "Zeta Global:",
    "section": "DSP Tag Examples",
  },
  Object {
    "content": "https://vast.adsafeprotected.com/vast/fwjsvid/st/555520/51033501/skeleton.js?includeFlash=false&**ias\\\\_dspId=26**&ias\\\\_campId=\\\\[%tp\\\\_CampaignID%\\\\]&ias\\\\_pubId=\\\\[%tp\\\\_ SiteID%]&ias_chanId=[%tp_AdID%]&ias_placementId=[%tp_PlacementID%]&ias_dealId= {selectedDirectRfiDealId}&originalVast=https://testvast.xml",
    "section": "DSP Tag Examples",
  },
  Object {
    "content": "Adelphic",
    "section": "DSP Tag Examples",
  },
  Object {
    "content": "https://vast.adsafeprotected.com/vast/fwjsvid/st/555520/51033501/skeleton.js?includeFlash=false&**ias\\\\_dspId=28**&ias\\\\_campId=\${ADELPHIC\\\\_ADORDERID}&ias\\\\_ pubId=\${ADELPHIC_PUBID}&ias_chanId=\${ADELPHIC_AUDIENCEID}&ias_ placementId=\${ADELPHIC_CREATIVEID}&ias_ dealId=&originalVast=https://testvast.xml",
    "section": "DSP Tag Examples",
  },
  Object {
    "content": "Yahoo:",
    "section": "DSP Tag Examples",
  },
  Object {
    "content": "https://vast.adsafeprotected.com/vast/fwjsvid/st/555520/51033501/skeleton.js?includeFlash=false&**ias\\\\_dspId=30**&ias\\\\_campId={ORDER\\\\_ID}&ias\\\\_pubId={PUBLISHER\\\\_ ID}&ias_chanId={LINE_ID}&ias_placementId={CREATIVE_ID}&ias_ dealId=&originalVast=https://testvast.xml",
    "section": "DSP Tag Examples",
  },
  Object {
    "content": "Amazon:",
    "section": "DSP Tag Examples",
  },
  Object {
    "content": "https://vast.adsafeprotected.com/vast/fwjsvid/st/555520/51033501/skeleton.js?includeFlash=false&**ias\\\\_dspId=33**&ias\\\\_campId={%campaign\\\\_cfid}&ias\\\\_pubId=&ias\\\\_ chanId={%ad_cfid}&ias_placementId={%creative_cfid}&ias_ dealId=&originalVast=https://testvast.xml",
    "section": "DSP Tag Examples",
  },
  Object {
    "content": "Beeswax:",
    "section": "DSP Tag Examples",
  },
  Object {
    "content": "https://vast.adsafeprotected.com/vast/fwjsvid/st/555520/51033501/skeleton.js?includeFlash=false&**ias\\\\_dspId=58**&ias\\\\_campId={{CAMPAIGN\\\\_ID}}&ias\\\\_pubId= {{INVENTORY_SOURCE}}&ias_chanId={{SITE_ID}}&ias_placementId={{LINE_ITEM_ ID}}&ias_dealId=&originalVast=https://testvast.xml",
    "section": "DSP Tag Examples",
  },
  Object {
    "content": "  ",
    "section": "DSP Macro Placeholder for Reporting",
  },
  Object {
    "content": "Also, see Trafficking Programmatic Reporting Tags in DCM and DV360 for more information about tags in DCM and DV360.",
    "section": "DSP Macro Placeholder for Reporting",
  },
]
`;
